COMMENT ON TABLE "postgres_air"."account" IS 'this is a description for table account';
COMMENT ON COLUMN "postgres_air"."account"."account_id" IS 'this is a description for column account_id';
COMMENT ON COLUMN "postgres_air"."account"."login" IS 'this is a description for column login';
COMMENT ON COLUMN "postgres_air"."account"."first_name" IS 'this is a description for column first_name';
COMMENT ON COLUMN "postgres_air"."account"."last_name" IS 'this is a description for column last_name';
COMMENT ON COLUMN "postgres_air"."account"."frequent_flyer_id" IS 'this is a description for column frequent_flyer_id';
COMMENT ON COLUMN "postgres_air"."account"."update_ts" IS 'this is a description for column update_ts';
COMMENT ON TABLE "postgres_air"."aircraft" IS 'this is a description for table aircraft';
COMMENT ON COLUMN "postgres_air"."aircraft"."model" IS 'this is a description for column model';
COMMENT ON COLUMN "postgres_air"."aircraft"."range" IS 'this is a description for column range';
COMMENT ON COLUMN "postgres_air"."aircraft"."class" IS 'this is a description for column class';
COMMENT ON COLUMN "postgres_air"."aircraft"."velocity" IS 'this is a description for column velocity';
COMMENT ON COLUMN "postgres_air"."aircraft"."code" IS 'this is a description for column code';
COMMENT ON TABLE "postgres_air"."airport" IS 'this is a description for table airport';
COMMENT ON COLUMN "postgres_air"."airport"."airport_code" IS 'this is a description for column airport_code';
COMMENT ON COLUMN "postgres_air"."airport"."airport_name" IS 'this is a description for column airport_name';
COMMENT ON COLUMN "postgres_air"."airport"."city" IS 'this is a description for column city';
COMMENT ON COLUMN "postgres_air"."airport"."airport_tz" IS 'this is a description for column airport_tz';
COMMENT ON COLUMN "postgres_air"."airport"."continent" IS 'this is a description for column continent';
COMMENT ON COLUMN "postgres_air"."airport"."iso_country" IS 'this is a description for column iso_country';
COMMENT ON COLUMN "postgres_air"."airport"."iso_region" IS 'this is a description for column iso_region';
COMMENT ON COLUMN "postgres_air"."airport"."intnl" IS 'this is a description for column intnl';
COMMENT ON COLUMN "postgres_air"."airport"."update_ts" IS 'this is a description for column update_ts';
COMMENT ON TABLE "postgres_air"."boarding_pass" IS 'this is a description for table boarding_pass';
COMMENT ON COLUMN "postgres_air"."boarding_pass"."pass_id" IS 'this is a description for column pass_id';
COMMENT ON COLUMN "postgres_air"."boarding_pass"."passenger_id" IS 'this is a description for column passenger_id';
COMMENT ON COLUMN "postgres_air"."boarding_pass"."booking_leg_id" IS 'this is a description for column booking_leg_id';
COMMENT ON COLUMN "postgres_air"."boarding_pass"."seat" IS 'this is a description for column seat';
COMMENT ON COLUMN "postgres_air"."boarding_pass"."boarding_time" IS 'this is a description for column boarding_time';
COMMENT ON COLUMN "postgres_air"."boarding_pass"."precheck" IS 'this is a description for column precheck';
COMMENT ON COLUMN "postgres_air"."boarding_pass"."update_ts" IS 'this is a description for column update_ts';
COMMENT ON TABLE "postgres_air"."booking" IS 'this is a description for table booking';
COMMENT ON COLUMN "postgres_air"."booking"."booking_id" IS 'this is a description for column booking_id';
COMMENT ON COLUMN "postgres_air"."booking"."booking_ref" IS 'this is a description for column booking_ref';
COMMENT ON COLUMN "postgres_air"."booking"."booking_name" IS 'this is a description for column booking_name';
COMMENT ON COLUMN "postgres_air"."booking"."account_id" IS 'this is a description for column account_id';
COMMENT ON COLUMN "postgres_air"."booking"."email" IS 'this is a description for column email';
COMMENT ON COLUMN "postgres_air"."booking"."phone" IS 'this is a description for column phone';
COMMENT ON COLUMN "postgres_air"."booking"."update_ts" IS 'this is a description for column update_ts';
COMMENT ON COLUMN "postgres_air"."booking"."price" IS 'this is a description for column price';
COMMENT ON TABLE "postgres_air"."booking_leg" IS 'this is a description for table booking_leg';
COMMENT ON COLUMN "postgres_air"."booking_leg"."booking_leg_id" IS 'this is a description for column booking_leg_id';
COMMENT ON COLUMN "postgres_air"."booking_leg"."booking_id" IS 'this is a description for column booking_id';
COMMENT ON COLUMN "postgres_air"."booking_leg"."flight_id" IS 'this is a description for column flight_id';
COMMENT ON COLUMN "postgres_air"."booking_leg"."leg_num" IS 'this is a description for column leg_num';
COMMENT ON COLUMN "postgres_air"."booking_leg"."is_returning" IS 'this is a description for column is_returning';
COMMENT ON COLUMN "postgres_air"."booking_leg"."update_ts" IS 'this is a description for column update_ts';
COMMENT ON TABLE "postgres_air"."flight" IS 'this is a description for table flight';
COMMENT ON COLUMN "postgres_air"."flight"."flight_id" IS 'this is a description for column flight_id';
COMMENT ON COLUMN "postgres_air"."flight"."flight_no" IS 'this is a description for column flight_no';
COMMENT ON COLUMN "postgres_air"."flight"."scheduled_departure" IS 'this is a description for column scheduled_departure';
COMMENT ON COLUMN "postgres_air"."flight"."scheduled_arrival" IS 'this is a description for column scheduled_arrival';
COMMENT ON COLUMN "postgres_air"."flight"."departure_airport" IS 'this is a description for column departure_airport';
COMMENT ON COLUMN "postgres_air"."flight"."arrival_airport" IS 'this is a description for column arrival_airport';
COMMENT ON COLUMN "postgres_air"."flight"."status" IS 'this is a description for column status';
COMMENT ON COLUMN "postgres_air"."flight"."aircraft_code" IS 'this is a description for column aircraft_code';
COMMENT ON COLUMN "postgres_air"."flight"."actual_departure" IS 'this is a description for column actual_departure';
COMMENT ON COLUMN "postgres_air"."flight"."actual_arrival" IS 'this is a description for column actual_arrival';
COMMENT ON COLUMN "postgres_air"."flight"."update_ts" IS 'this is a description for column update_ts';
COMMENT ON TABLE "postgres_air"."frequent_flyer" IS 'this is a description for table frequent_flyer';
COMMENT ON COLUMN "postgres_air"."frequent_flyer"."frequent_flyer_id" IS 'this is a description for column frequent_flyer_id';
COMMENT ON COLUMN "postgres_air"."frequent_flyer"."first_name" IS 'this is a description for column first_name';
COMMENT ON COLUMN "postgres_air"."frequent_flyer"."last_name" IS 'this is a description for column last_name';
COMMENT ON COLUMN "postgres_air"."frequent_flyer"."title" IS 'this is a description for column title';
COMMENT ON COLUMN "postgres_air"."frequent_flyer"."card_num" IS 'this is a description for column card_num';
COMMENT ON COLUMN "postgres_air"."frequent_flyer"."level" IS 'this is a description for column level';
COMMENT ON COLUMN "postgres_air"."frequent_flyer"."award_points" IS 'this is a description for column award_points';
COMMENT ON COLUMN "postgres_air"."frequent_flyer"."email" IS 'this is a description for column email';
COMMENT ON COLUMN "postgres_air"."frequent_flyer"."phone" IS 'this is a description for column phone';
COMMENT ON COLUMN "postgres_air"."frequent_flyer"."update_ts" IS 'this is a description for column update_ts';
COMMENT ON TABLE "postgres_air"."passenger" IS 'this is a description for table passenger';
COMMENT ON COLUMN "postgres_air"."passenger"."passenger_id" IS 'this is a description for column passenger_id';
COMMENT ON COLUMN "postgres_air"."passenger"."booking_id" IS 'this is a description for column booking_id';
COMMENT ON COLUMN "postgres_air"."passenger"."booking_ref" IS 'this is a description for column booking_ref';
COMMENT ON COLUMN "postgres_air"."passenger"."passenger_no" IS 'this is a description for column passenger_no';
COMMENT ON COLUMN "postgres_air"."passenger"."first_name" IS 'this is a description for column first_name';
COMMENT ON COLUMN "postgres_air"."passenger"."last_name" IS 'this is a description for column last_name';
COMMENT ON COLUMN "postgres_air"."passenger"."account_id" IS 'this is a description for column account_id';
COMMENT ON COLUMN "postgres_air"."passenger"."update_ts" IS 'this is a description for column update_ts';
COMMENT ON COLUMN "postgres_air"."passenger"."age" IS 'this is a description for column age';
COMMENT ON TABLE "postgres_air"."phone" IS 'this is a description for table phone';
COMMENT ON COLUMN "postgres_air"."phone"."phone_id" IS 'this is a description for column phone_id';
COMMENT ON COLUMN "postgres_air"."phone"."account_id" IS 'this is a description for column account_id';
COMMENT ON COLUMN "postgres_air"."phone"."phone" IS 'this is a description for column phone';
COMMENT ON COLUMN "postgres_air"."phone"."phone_type" IS 'this is a description for column phone_type';
COMMENT ON COLUMN "postgres_air"."phone"."primary_phone" IS 'this is a description for column primary_phone';
COMMENT ON COLUMN "postgres_air"."phone"."update_ts" IS 'this is a description for column update_ts';
COMMENT ON VIEW "postgres_air"."flight_summary" IS 'this is a description for view flight_summary';
COMMENT ON COLUMN "postgres_air"."flight_summary"."flight_no" IS 'this is a description for column flight_no';
COMMENT ON COLUMN "postgres_air"."flight_summary"."departure_airport" IS 'this is a description for column departure_airport';
COMMENT ON COLUMN "postgres_air"."flight_summary"."arrival_airport" IS 'this is a description for column arrival_airport';
COMMENT ON COLUMN "postgres_air"."flight_summary"."scheduled_departure" IS 'this is a description for column scheduled_departure';
COMMENT ON VIEW "postgres_air"."passenger_details" IS 'this is a description for view passenger_details';
COMMENT ON COLUMN "postgres_air"."passenger_details"."first_name" IS 'this is a description for column first_name';
COMMENT ON COLUMN "postgres_air"."passenger_details"."last_name" IS 'this is a description for column last_name';
COMMENT ON COLUMN "postgres_air"."passenger_details"."booking_ref" IS 'this is a description for column booking_ref';
COMMENT ON PROCEDURE "postgres_air"."advance_air_time"(integer, pg_catalog.text, boolean) IS 'this is a description for procedure advance_air_time';
COMMENT ON PROCEDURE "postgres_air"."update_flight_status"(integer, pg_catalog.text) IS 'this is a description for procedure update_flight_status';
