 prokind | user  | privilege | granted | schema |                                                                                                                                                                                                                                                                            func                                                                                                                                                                                                                                                                             
---------+-------+-----------+---------+--------+-------------------------------------------------------------------------------------------------------------------------------------------------------------------------------------------------------------------------------------------------------------------------------------------------------------------------------------------------------------------------------------------------------------------------------------------------------------------------------------------------------------------------------------------------------------
 f       | alice | execute   | YES     | ai     | anthropic_generate(model text, messages jsonb, max_tokens integer, api_key text, api_key_name text, base_url text, timeout double precision, max_retries integer, system_prompt text, user_id text, stop_sequences text[], temperature double precision, tool_choice jsonb, tools jsonb, top_k integer, top_p double precision, "verbose" boolean)
 f       | bob   | execute   | no      | ai     | anthropic_generate(model text, messages jsonb, max_tokens integer, api_key text, api_key_name text, base_url text, timeout double precision, max_retries integer, system_prompt text, user_id text, stop_sequences text[], temperature double precision, tool_choice jsonb, tools jsonb, top_k integer, top_p double precision, "verbose" boolean)
 f       | fred  | execute   | no      | ai     | anthropic_generate(model text, messages jsonb, max_tokens integer, api_key text, api_key_name text, base_url text, timeout double precision, max_retries integer, system_prompt text, user_id text, stop_sequences text[], temperature double precision, tool_choice jsonb, tools jsonb, top_k integer, top_p double precision, "verbose" boolean)
 f       | jill  | execute   | YES     | ai     | anthropic_generate(model text, messages jsonb, max_tokens integer, api_key text, api_key_name text, base_url text, timeout double precision, max_retries integer, system_prompt text, user_id text, stop_sequences text[], temperature double precision, tool_choice jsonb, tools jsonb, top_k integer, top_p double precision, "verbose" boolean)
 f       | alice | execute   | YES     | ai     | anthropic_list_models(api_key text, api_key_name text, base_url text, "verbose" boolean)
 f       | bob   | execute   | no      | ai     | anthropic_list_models(api_key text, api_key_name text, base_url text, "verbose" boolean)
 f       | fred  | execute   | no      | ai     | anthropic_list_models(api_key text, api_key_name text, base_url text, "verbose" boolean)
 f       | jill  | execute   | YES     | ai     | anthropic_list_models(api_key text, api_key_name text, base_url text, "verbose" boolean)
 f       | alice | execute   | YES     | ai     | chunk_text(input text, chunk_size integer, chunk_overlap integer, separator text, is_separator_regex boolean)
 f       | bob   | execute   | no      | ai     | chunk_text(input text, chunk_size integer, chunk_overlap integer, separator text, is_separator_regex boolean)
 f       | fred  | execute   | no      | ai     | chunk_text(input text, chunk_size integer, chunk_overlap integer, separator text, is_separator_regex boolean)
 f       | jill  | execute   | YES     | ai     | chunk_text(input text, chunk_size integer, chunk_overlap integer, separator text, is_separator_regex boolean)
 f       | alice | execute   | YES     | ai     | chunk_text_recursively(input text, chunk_size integer, chunk_overlap integer, separators text[], is_separator_regex boolean)
 f       | bob   | execute   | no      | ai     | chunk_text_recursively(input text, chunk_size integer, chunk_overlap integer, separators text[], is_separator_regex boolean)
 f       | fred  | execute   | no      | ai     | chunk_text_recursively(input text, chunk_size integer, chunk_overlap integer, separators text[], is_separator_regex boolean)
 f       | jill  | execute   | YES     | ai     | chunk_text_recursively(input text, chunk_size integer, chunk_overlap integer, separators text[], is_separator_regex boolean)
 f       | alice | execute   | YES     | ai     | cohere_chat_complete(model text, messages jsonb, api_key text, api_key_name text, tools jsonb, documents jsonb, citation_options jsonb, response_format jsonb, safety_mode text, max_tokens integer, stop_sequences text[], temperature double precision, seed integer, frequency_penalty double precision, presence_penalty double precision, k integer, p double precision, logprobs boolean, tool_choice text, strict_tools boolean, "verbose" boolean)
 f       | bob   | execute   | no      | ai     | cohere_chat_complete(model text, messages jsonb, api_key text, api_key_name text, tools jsonb, documents jsonb, citation_options jsonb, response_format jsonb, safety_mode text, max_tokens integer, stop_sequences text[], temperature double precision, seed integer, frequency_penalty double precision, presence_penalty double precision, k integer, p double precision, logprobs boolean, tool_choice text, strict_tools boolean, "verbose" boolean)
 f       | fred  | execute   | no      | ai     | cohere_chat_complete(model text, messages jsonb, api_key text, api_key_name text, tools jsonb, documents jsonb, citation_options jsonb, response_format jsonb, safety_mode text, max_tokens integer, stop_sequences text[], temperature double precision, seed integer, frequency_penalty double precision, presence_penalty double precision, k integer, p double precision, logprobs boolean, tool_choice text, strict_tools boolean, "verbose" boolean)
 f       | jill  | execute   | YES     | ai     | cohere_chat_complete(model text, messages jsonb, api_key text, api_key_name text, tools jsonb, documents jsonb, citation_options jsonb, response_format jsonb, safety_mode text, max_tokens integer, stop_sequences text[], temperature double precision, seed integer, frequency_penalty double precision, presence_penalty double precision, k integer, p double precision, logprobs boolean, tool_choice text, strict_tools boolean, "verbose" boolean)
 f       | alice | execute   | YES     | ai     | cohere_classify(model text, inputs text[], api_key text, api_key_name text, examples jsonb, truncate_long_inputs text, "verbose" boolean)
 f       | bob   | execute   | no      | ai     | cohere_classify(model text, inputs text[], api_key text, api_key_name text, examples jsonb, truncate_long_inputs text, "verbose" boolean)
 f       | fred  | execute   | no      | ai     | cohere_classify(model text, inputs text[], api_key text, api_key_name text, examples jsonb, truncate_long_inputs text, "verbose" boolean)
 f       | jill  | execute   | YES     | ai     | cohere_classify(model text, inputs text[], api_key text, api_key_name text, examples jsonb, truncate_long_inputs text, "verbose" boolean)
 f       | alice | execute   | YES     | ai     | cohere_classify_simple(model text, inputs text[], api_key text, api_key_name text, examples jsonb, truncate_long_inputs text, "verbose" boolean)
 f       | bob   | execute   | no      | ai     | cohere_classify_simple(model text, inputs text[], api_key text, api_key_name text, examples jsonb, truncate_long_inputs text, "verbose" boolean)
 f       | fred  | execute   | no      | ai     | cohere_classify_simple(model text, inputs text[], api_key text, api_key_name text, examples jsonb, truncate_long_inputs text, "verbose" boolean)
 f       | jill  | execute   | YES     | ai     | cohere_classify_simple(model text, inputs text[], api_key text, api_key_name text, examples jsonb, truncate_long_inputs text, "verbose" boolean)
 f       | alice | execute   | YES     | ai     | cohere_detokenize(model text, tokens integer[], api_key text, api_key_name text, "verbose" boolean)
 f       | bob   | execute   | no      | ai     | cohere_detokenize(model text, tokens integer[], api_key text, api_key_name text, "verbose" boolean)
 f       | fred  | execute   | no      | ai     | cohere_detokenize(model text, tokens integer[], api_key text, api_key_name text, "verbose" boolean)
 f       | jill  | execute   | YES     | ai     | cohere_detokenize(model text, tokens integer[], api_key text, api_key_name text, "verbose" boolean)
 f       | alice | execute   | YES     | ai     | cohere_embed(model text, input_text text, api_key text, api_key_name text, input_type text, truncate_long_inputs text, "verbose" boolean)
 f       | bob   | execute   | no      | ai     | cohere_embed(model text, input_text text, api_key text, api_key_name text, input_type text, truncate_long_inputs text, "verbose" boolean)
 f       | fred  | execute   | no      | ai     | cohere_embed(model text, input_text text, api_key text, api_key_name text, input_type text, truncate_long_inputs text, "verbose" boolean)
 f       | jill  | execute   | YES     | ai     | cohere_embed(model text, input_text text, api_key text, api_key_name text, input_type text, truncate_long_inputs text, "verbose" boolean)
 f       | alice | execute   | YES     | ai     | cohere_list_models(api_key text, api_key_name text, endpoint text, default_only boolean, "verbose" boolean)
 f       | bob   | execute   | no      | ai     | cohere_list_models(api_key text, api_key_name text, endpoint text, default_only boolean, "verbose" boolean)
 f       | fred  | execute   | no      | ai     | cohere_list_models(api_key text, api_key_name text, endpoint text, default_only boolean, "verbose" boolean)
 f       | jill  | execute   | YES     | ai     | cohere_list_models(api_key text, api_key_name text, endpoint text, default_only boolean, "verbose" boolean)
 f       | alice | execute   | YES     | ai     | cohere_rerank(model text, query text, documents text[], api_key text, api_key_name text, top_n integer, max_tokens_per_doc integer, "verbose" boolean)
 f       | bob   | execute   | no      | ai     | cohere_rerank(model text, query text, documents text[], api_key text, api_key_name text, top_n integer, max_tokens_per_doc integer, "verbose" boolean)
 f       | fred  | execute   | no      | ai     | cohere_rerank(model text, query text, documents text[], api_key text, api_key_name text, top_n integer, max_tokens_per_doc integer, "verbose" boolean)
 f       | jill  | execute   | YES     | ai     | cohere_rerank(model text, query text, documents text[], api_key text, api_key_name text, top_n integer, max_tokens_per_doc integer, "verbose" boolean)
 f       | alice | execute   | YES     | ai     | cohere_rerank_simple(model text, query text, documents text[], api_key text, api_key_name text, top_n integer, max_tokens_per_doc integer, "verbose" boolean)
 f       | bob   | execute   | no      | ai     | cohere_rerank_simple(model text, query text, documents text[], api_key text, api_key_name text, top_n integer, max_tokens_per_doc integer, "verbose" boolean)
 f       | fred  | execute   | no      | ai     | cohere_rerank_simple(model text, query text, documents text[], api_key text, api_key_name text, top_n integer, max_tokens_per_doc integer, "verbose" boolean)
 f       | jill  | execute   | YES     | ai     | cohere_rerank_simple(model text, query text, documents text[], api_key text, api_key_name text, top_n integer, max_tokens_per_doc integer, "verbose" boolean)
 f       | alice | execute   | YES     | ai     | cohere_tokenize(model text, text_input text, api_key text, api_key_name text, "verbose" boolean)
 f       | bob   | execute   | no      | ai     | cohere_tokenize(model text, text_input text, api_key text, api_key_name text, "verbose" boolean)
 f       | fred  | execute   | no      | ai     | cohere_tokenize(model text, text_input text, api_key text, api_key_name text, "verbose" boolean)
 f       | jill  | execute   | YES     | ai     | cohere_tokenize(model text, text_input text, api_key text, api_key_name text, "verbose" boolean)
 f       | alice | execute   | YES     | ai     | execute_vectorizer(vectorizer_id integer)
 f       | bob   | execute   | no      | ai     | execute_vectorizer(vectorizer_id integer)
 f       | fred  | execute   | no      | ai     | execute_vectorizer(vectorizer_id integer)
 f       | jill  | execute   | YES     | ai     | execute_vectorizer(vectorizer_id integer)
 f       | alice | execute   | YES     | ai     | grant_ai_usage(to_user name, admin boolean)
 f       | bob   | execute   | no      | ai     | grant_ai_usage(to_user name, admin boolean)
 f       | fred  | execute   | no      | ai     | grant_ai_usage(to_user name, admin boolean)
 f       | jill  | execute   | no      | ai     | grant_ai_usage(to_user name, admin boolean)
 f       | alice | execute   | YES     | ai     | grant_secret(secret_name text, grant_to_role text)
 f       | bob   | execute   | no      | ai     | grant_secret(secret_name text, grant_to_role text)
 f       | fred  | execute   | no      | ai     | grant_secret(secret_name text, grant_to_role text)
 f       | jill  | execute   | no      | ai     | grant_secret(secret_name text, grant_to_role text)
 f       | alice | execute   | YES     | ai     | litellm_embed(model text, input_text text, api_key text, api_key_name text, extra_options jsonb, "verbose" boolean)
 f       | bob   | execute   | no      | ai     | litellm_embed(model text, input_text text, api_key text, api_key_name text, extra_options jsonb, "verbose" boolean)
 f       | fred  | execute   | no      | ai     | litellm_embed(model text, input_text text, api_key text, api_key_name text, extra_options jsonb, "verbose" boolean)
 f       | jill  | execute   | YES     | ai     | litellm_embed(model text, input_text text, api_key text, api_key_name text, extra_options jsonb, "verbose" boolean)
 f       | alice | execute   | YES     | ai     | litellm_embed(model text, input_texts text[], api_key text, api_key_name text, extra_options jsonb, "verbose" boolean)
 f       | bob   | execute   | no      | ai     | litellm_embed(model text, input_texts text[], api_key text, api_key_name text, extra_options jsonb, "verbose" boolean)
 f       | fred  | execute   | no      | ai     | litellm_embed(model text, input_texts text[], api_key text, api_key_name text, extra_options jsonb, "verbose" boolean)
 f       | jill  | execute   | YES     | ai     | litellm_embed(model text, input_texts text[], api_key text, api_key_name text, extra_options jsonb, "verbose" boolean)
 f       | alice | execute   | YES     | ai     | load_dataset(name text, config_name text, split text, schema_name name, table_name name, if_table_exists text, field_types jsonb, batch_size integer, max_batches integer, kwargs jsonb)
 f       | bob   | execute   | no      | ai     | load_dataset(name text, config_name text, split text, schema_name name, table_name name, if_table_exists text, field_types jsonb, batch_size integer, max_batches integer, kwargs jsonb)
 f       | fred  | execute   | no      | ai     | load_dataset(name text, config_name text, split text, schema_name name, table_name name, if_table_exists text, field_types jsonb, batch_size integer, max_batches integer, kwargs jsonb)
 f       | jill  | execute   | YES     | ai     | load_dataset(name text, config_name text, split text, schema_name name, table_name name, if_table_exists text, field_types jsonb, batch_size integer, max_batches integer, kwargs jsonb)
 p       | alice | execute   | YES     | ai     | load_dataset_multi_txn(IN name text, IN config_name text, IN split text, IN schema_name name, IN table_name name, IN if_table_exists text, IN field_types jsonb, IN batch_size integer, IN max_batches integer, IN commit_every_n_batches integer, IN kwargs jsonb)
 p       | bob   | execute   | no      | ai     | load_dataset_multi_txn(IN name text, IN config_name text, IN split text, IN schema_name name, IN table_name name, IN if_table_exists text, IN field_types jsonb, IN batch_size integer, IN max_batches integer, IN commit_every_n_batches integer, IN kwargs jsonb)
 p       | fred  | execute   | no      | ai     | load_dataset_multi_txn(IN name text, IN config_name text, IN split text, IN schema_name name, IN table_name name, IN if_table_exists text, IN field_types jsonb, IN batch_size integer, IN max_batches integer, IN commit_every_n_batches integer, IN kwargs jsonb)
 p       | jill  | execute   | YES     | ai     | load_dataset_multi_txn(IN name text, IN config_name text, IN split text, IN schema_name name, IN table_name name, IN if_table_exists text, IN field_types jsonb, IN batch_size integer, IN max_batches integer, IN commit_every_n_batches integer, IN kwargs jsonb)
 f       | alice | execute   | YES     | ai     | ollama_chat_complete(model text, messages jsonb, host text, keep_alive text, chat_options jsonb, tools jsonb, response_format jsonb, "verbose" boolean)
 f       | bob   | execute   | no      | ai     | ollama_chat_complete(model text, messages jsonb, host text, keep_alive text, chat_options jsonb, tools jsonb, response_format jsonb, "verbose" boolean)
 f       | fred  | execute   | no      | ai     | ollama_chat_complete(model text, messages jsonb, host text, keep_alive text, chat_options jsonb, tools jsonb, response_format jsonb, "verbose" boolean)
 f       | jill  | execute   | YES     | ai     | ollama_chat_complete(model text, messages jsonb, host text, keep_alive text, chat_options jsonb, tools jsonb, response_format jsonb, "verbose" boolean)
 f       | alice | execute   | YES     | ai     | ollama_embed(model text, input_text text, host text, keep_alive text, embedding_options jsonb, "verbose" boolean)
 f       | bob   | execute   | no      | ai     | ollama_embed(model text, input_text text, host text, keep_alive text, embedding_options jsonb, "verbose" boolean)
 f       | fred  | execute   | no      | ai     | ollama_embed(model text, input_text text, host text, keep_alive text, embedding_options jsonb, "verbose" boolean)
 f       | jill  | execute   | YES     | ai     | ollama_embed(model text, input_text text, host text, keep_alive text, embedding_options jsonb, "verbose" boolean)
 f       | alice | execute   | YES     | ai     | ollama_generate(model text, prompt text, host text, images bytea[], keep_alive text, embedding_options jsonb, system_prompt text, template text, context integer[], "verbose" boolean)
 f       | bob   | execute   | no      | ai     | ollama_generate(model text, prompt text, host text, images bytea[], keep_alive text, embedding_options jsonb, system_prompt text, template text, context integer[], "verbose" boolean)
 f       | fred  | execute   | no      | ai     | ollama_generate(model text, prompt text, host text, images bytea[], keep_alive text, embedding_options jsonb, system_prompt text, template text, context integer[], "verbose" boolean)
 f       | jill  | execute   | YES     | ai     | ollama_generate(model text, prompt text, host text, images bytea[], keep_alive text, embedding_options jsonb, system_prompt text, template text, context integer[], "verbose" boolean)
 f       | alice | execute   | YES     | ai     | ollama_list_models(host text, "verbose" boolean)
 f       | bob   | execute   | no      | ai     | ollama_list_models(host text, "verbose" boolean)
 f       | fred  | execute   | no      | ai     | ollama_list_models(host text, "verbose" boolean)
 f       | jill  | execute   | YES     | ai     | ollama_list_models(host text, "verbose" boolean)
 f       | alice | execute   | YES     | ai     | ollama_ps(host text, "verbose" boolean)
 f       | bob   | execute   | no      | ai     | ollama_ps(host text, "verbose" boolean)
 f       | fred  | execute   | no      | ai     | ollama_ps(host text, "verbose" boolean)
 f       | jill  | execute   | YES     | ai     | ollama_ps(host text, "verbose" boolean)
 f       | alice | execute   | YES     | ai     | openai_chat_complete(model text, messages jsonb, api_key text, api_key_name text, frequency_penalty double precision, logit_bias jsonb, logprobs boolean, top_logprobs integer, max_tokens integer, max_completion_tokens integer, n integer, presence_penalty double precision, response_format jsonb, seed integer, stop text, temperature double precision, top_p double precision, tools jsonb, tool_choice text, openai_user text, extra_headers jsonb, extra_query jsonb, extra_body jsonb, "verbose" boolean, client_config jsonb)
 f       | bob   | execute   | no      | ai     | openai_chat_complete(model text, messages jsonb, api_key text, api_key_name text, frequency_penalty double precision, logit_bias jsonb, logprobs boolean, top_logprobs integer, max_tokens integer, max_completion_tokens integer, n integer, presence_penalty double precision, response_format jsonb, seed integer, stop text, temperature double precision, top_p double precision, tools jsonb, tool_choice text, openai_user text, extra_headers jsonb, extra_query jsonb, extra_body jsonb, "verbose" boolean, client_config jsonb)
 f       | fred  | execute   | no      | ai     | openai_chat_complete(model text, messages jsonb, api_key text, api_key_name text, frequency_penalty double precision, logit_bias jsonb, logprobs boolean, top_logprobs integer, max_tokens integer, max_completion_tokens integer, n integer, presence_penalty double precision, response_format jsonb, seed integer, stop text, temperature double precision, top_p double precision, tools jsonb, tool_choice text, openai_user text, extra_headers jsonb, extra_query jsonb, extra_body jsonb, "verbose" boolean, client_config jsonb)
 f       | jill  | execute   | YES     | ai     | openai_chat_complete(model text, messages jsonb, api_key text, api_key_name text, frequency_penalty double precision, logit_bias jsonb, logprobs boolean, top_logprobs integer, max_tokens integer, max_completion_tokens integer, n integer, presence_penalty double precision, response_format jsonb, seed integer, stop text, temperature double precision, top_p double precision, tools jsonb, tool_choice text, openai_user text, extra_headers jsonb, extra_query jsonb, extra_body jsonb, "verbose" boolean, client_config jsonb)
 f       | alice | execute   | YES     | ai     | openai_chat_complete_simple(message text, api_key text, api_key_name text, "verbose" boolean, client_config jsonb)
 f       | bob   | execute   | no      | ai     | openai_chat_complete_simple(message text, api_key text, api_key_name text, "verbose" boolean, client_config jsonb)
 f       | fred  | execute   | no      | ai     | openai_chat_complete_simple(message text, api_key text, api_key_name text, "verbose" boolean, client_config jsonb)
 f       | jill  | execute   | YES     | ai     | openai_chat_complete_simple(message text, api_key text, api_key_name text, "verbose" boolean, client_config jsonb)
 f       | alice | execute   | YES     | ai     | openai_chat_complete_with_raw_response(model text, messages jsonb, api_key text, api_key_name text, frequency_penalty double precision, logit_bias jsonb, logprobs boolean, top_logprobs integer, max_tokens integer, max_completion_tokens integer, n integer, presence_penalty double precision, response_format jsonb, seed integer, stop text, temperature double precision, top_p double precision, tools jsonb, tool_choice text, openai_user text, extra_headers jsonb, extra_query jsonb, extra_body jsonb, "verbose" boolean, client_config jsonb)
 f       | bob   | execute   | no      | ai     | openai_chat_complete_with_raw_response(model text, messages jsonb, api_key text, api_key_name text, frequency_penalty double precision, logit_bias jsonb, logprobs boolean, top_logprobs integer, max_tokens integer, max_completion_tokens integer, n integer, presence_penalty double precision, response_format jsonb, seed integer, stop text, temperature double precision, top_p double precision, tools jsonb, tool_choice text, openai_user text, extra_headers jsonb, extra_query jsonb, extra_body jsonb, "verbose" boolean, client_config jsonb)
 f       | fred  | execute   | no      | ai     | openai_chat_complete_with_raw_response(model text, messages jsonb, api_key text, api_key_name text, frequency_penalty double precision, logit_bias jsonb, logprobs boolean, top_logprobs integer, max_tokens integer, max_completion_tokens integer, n integer, presence_penalty double precision, response_format jsonb, seed integer, stop text, temperature double precision, top_p double precision, tools jsonb, tool_choice text, openai_user text, extra_headers jsonb, extra_query jsonb, extra_body jsonb, "verbose" boolean, client_config jsonb)
 f       | jill  | execute   | YES     | ai     | openai_chat_complete_with_raw_response(model text, messages jsonb, api_key text, api_key_name text, frequency_penalty double precision, logit_bias jsonb, logprobs boolean, top_logprobs integer, max_tokens integer, max_completion_tokens integer, n integer, presence_penalty double precision, response_format jsonb, seed integer, stop text, temperature double precision, top_p double precision, tools jsonb, tool_choice text, openai_user text, extra_headers jsonb, extra_query jsonb, extra_body jsonb, "verbose" boolean, client_config jsonb)
 f       | alice | execute   | YES     | ai     | openai_client_config(base_url text, timeout_seconds double precision, organization text, project text, max_retries integer, default_headers jsonb, default_query jsonb)
 f       | bob   | execute   | no      | ai     | openai_client_config(base_url text, timeout_seconds double precision, organization text, project text, max_retries integer, default_headers jsonb, default_query jsonb)
 f       | fred  | execute   | no      | ai     | openai_client_config(base_url text, timeout_seconds double precision, organization text, project text, max_retries integer, default_headers jsonb, default_query jsonb)
 f       | jill  | execute   | YES     | ai     | openai_client_config(base_url text, timeout_seconds double precision, organization text, project text, max_retries integer, default_headers jsonb, default_query jsonb)
 f       | alice | execute   | YES     | ai     | openai_detokenize(model text, tokens integer[])
 f       | bob   | execute   | no      | ai     | openai_detokenize(model text, tokens integer[])
 f       | fred  | execute   | no      | ai     | openai_detokenize(model text, tokens integer[])
 f       | jill  | execute   | YES     | ai     | openai_detokenize(model text, tokens integer[])
 f       | alice | execute   | YES     | ai     | openai_embed(model text, input_text text, api_key text, api_key_name text, dimensions integer, openai_user text, extra_headers jsonb, extra_query jsonb, extra_body jsonb, "verbose" boolean, client_config jsonb)
 f       | bob   | execute   | no      | ai     | openai_embed(model text, input_text text, api_key text, api_key_name text, dimensions integer, openai_user text, extra_headers jsonb, extra_query jsonb, extra_body jsonb, "verbose" boolean, client_config jsonb)
 f       | fred  | execute   | no      | ai     | openai_embed(model text, input_text text, api_key text, api_key_name text, dimensions integer, openai_user text, extra_headers jsonb, extra_query jsonb, extra_body jsonb, "verbose" boolean, client_config jsonb)
 f       | jill  | execute   | YES     | ai     | openai_embed(model text, input_text text, api_key text, api_key_name text, dimensions integer, openai_user text, extra_headers jsonb, extra_query jsonb, extra_body jsonb, "verbose" boolean, client_config jsonb)
 f       | alice | execute   | YES     | ai     | openai_embed(model text, input_texts text[], api_key text, api_key_name text, dimensions integer, openai_user text, extra_headers jsonb, extra_query jsonb, extra_body jsonb, "verbose" boolean, client_config jsonb)
 f       | bob   | execute   | no      | ai     | openai_embed(model text, input_texts text[], api_key text, api_key_name text, dimensions integer, openai_user text, extra_headers jsonb, extra_query jsonb, extra_body jsonb, "verbose" boolean, client_config jsonb)
 f       | fred  | execute   | no      | ai     | openai_embed(model text, input_texts text[], api_key text, api_key_name text, dimensions integer, openai_user text, extra_headers jsonb, extra_query jsonb, extra_body jsonb, "verbose" boolean, client_config jsonb)
 f       | jill  | execute   | YES     | ai     | openai_embed(model text, input_texts text[], api_key text, api_key_name text, dimensions integer, openai_user text, extra_headers jsonb, extra_query jsonb, extra_body jsonb, "verbose" boolean, client_config jsonb)
 f       | alice | execute   | YES     | ai     | openai_embed(model text, input_tokens integer[], api_key text, api_key_name text, dimensions integer, openai_user text, extra_headers jsonb, extra_query jsonb, extra_body jsonb, "verbose" boolean, client_config jsonb)
 f       | bob   | execute   | no      | ai     | openai_embed(model text, input_tokens integer[], api_key text, api_key_name text, dimensions integer, openai_user text, extra_headers jsonb, extra_query jsonb, extra_body jsonb, "verbose" boolean, client_config jsonb)
 f       | fred  | execute   | no      | ai     | openai_embed(model text, input_tokens integer[], api_key text, api_key_name text, dimensions integer, openai_user text, extra_headers jsonb, extra_query jsonb, extra_body jsonb, "verbose" boolean, client_config jsonb)
 f       | jill  | execute   | YES     | ai     | openai_embed(model text, input_tokens integer[], api_key text, api_key_name text, dimensions integer, openai_user text, extra_headers jsonb, extra_query jsonb, extra_body jsonb, "verbose" boolean, client_config jsonb)
 f       | alice | execute   | YES     | ai     | openai_embed_with_raw_response(model text, input_text text, api_key text, api_key_name text, dimensions integer, openai_user text, extra_headers jsonb, extra_query jsonb, extra_body jsonb, "verbose" boolean, client_config jsonb)
 f       | bob   | execute   | no      | ai     | openai_embed_with_raw_response(model text, input_text text, api_key text, api_key_name text, dimensions integer, openai_user text, extra_headers jsonb, extra_query jsonb, extra_body jsonb, "verbose" boolean, client_config jsonb)
 f       | fred  | execute   | no      | ai     | openai_embed_with_raw_response(model text, input_text text, api_key text, api_key_name text, dimensions integer, openai_user text, extra_headers jsonb, extra_query jsonb, extra_body jsonb, "verbose" boolean, client_config jsonb)
 f       | jill  | execute   | YES     | ai     | openai_embed_with_raw_response(model text, input_text text, api_key text, api_key_name text, dimensions integer, openai_user text, extra_headers jsonb, extra_query jsonb, extra_body jsonb, "verbose" boolean, client_config jsonb)
 f       | alice | execute   | YES     | ai     | openai_embed_with_raw_response(model text, input_texts text[], api_key text, api_key_name text, dimensions integer, openai_user text, extra_headers jsonb, extra_query jsonb, extra_body jsonb, "verbose" boolean, client_config jsonb)
 f       | bob   | execute   | no      | ai     | openai_embed_with_raw_response(model text, input_texts text[], api_key text, api_key_name text, dimensions integer, openai_user text, extra_headers jsonb, extra_query jsonb, extra_body jsonb, "verbose" boolean, client_config jsonb)
 f       | fred  | execute   | no      | ai     | openai_embed_with_raw_response(model text, input_texts text[], api_key text, api_key_name text, dimensions integer, openai_user text, extra_headers jsonb, extra_query jsonb, extra_body jsonb, "verbose" boolean, client_config jsonb)
 f       | jill  | execute   | YES     | ai     | openai_embed_with_raw_response(model text, input_texts text[], api_key text, api_key_name text, dimensions integer, openai_user text, extra_headers jsonb, extra_query jsonb, extra_body jsonb, "verbose" boolean, client_config jsonb)
 f       | alice | execute   | YES     | ai     | openai_embed_with_raw_response(model text, input_tokens integer[], api_key text, api_key_name text, dimensions integer, openai_user text, extra_headers jsonb, extra_query jsonb, extra_body jsonb, "verbose" boolean, client_config jsonb)
 f       | bob   | execute   | no      | ai     | openai_embed_with_raw_response(model text, input_tokens integer[], api_key text, api_key_name text, dimensions integer, openai_user text, extra_headers jsonb, extra_query jsonb, extra_body jsonb, "verbose" boolean, client_config jsonb)
 f       | fred  | execute   | no      | ai     | openai_embed_with_raw_response(model text, input_tokens integer[], api_key text, api_key_name text, dimensions integer, openai_user text, extra_headers jsonb, extra_query jsonb, extra_body jsonb, "verbose" boolean, client_config jsonb)
 f       | jill  | execute   | YES     | ai     | openai_embed_with_raw_response(model text, input_tokens integer[], api_key text, api_key_name text, dimensions integer, openai_user text, extra_headers jsonb, extra_query jsonb, extra_body jsonb, "verbose" boolean, client_config jsonb)
 f       | alice | execute   | YES     | ai     | openai_list_models(api_key text, api_key_name text, extra_headers jsonb, extra_query jsonb, "verbose" boolean, client_config jsonb)
 f       | bob   | execute   | no      | ai     | openai_list_models(api_key text, api_key_name text, extra_headers jsonb, extra_query jsonb, "verbose" boolean, client_config jsonb)
 f       | fred  | execute   | no      | ai     | openai_list_models(api_key text, api_key_name text, extra_headers jsonb, extra_query jsonb, "verbose" boolean, client_config jsonb)
 f       | jill  | execute   | YES     | ai     | openai_list_models(api_key text, api_key_name text, extra_headers jsonb, extra_query jsonb, "verbose" boolean, client_config jsonb)
 f       | alice | execute   | YES     | ai     | openai_list_models_with_raw_response(api_key text, api_key_name text, extra_headers jsonb, extra_query jsonb, "verbose" boolean, client_config jsonb)
 f       | bob   | execute   | no      | ai     | openai_list_models_with_raw_response(api_key text, api_key_name text, extra_headers jsonb, extra_query jsonb, "verbose" boolean, client_config jsonb)
 f       | fred  | execute   | no      | ai     | openai_list_models_with_raw_response(api_key text, api_key_name text, extra_headers jsonb, extra_query jsonb, "verbose" boolean, client_config jsonb)
 f       | jill  | execute   | YES     | ai     | openai_list_models_with_raw_response(api_key text, api_key_name text, extra_headers jsonb, extra_query jsonb, "verbose" boolean, client_config jsonb)
 f       | alice | execute   | YES     | ai     | openai_moderate(model text, input_text text, api_key text, api_key_name text, extra_headers jsonb, extra_query jsonb, extra_body jsonb, "verbose" boolean, client_config jsonb)
 f       | bob   | execute   | no      | ai     | openai_moderate(model text, input_text text, api_key text, api_key_name text, extra_headers jsonb, extra_query jsonb, extra_body jsonb, "verbose" boolean, client_config jsonb)
 f       | fred  | execute   | no      | ai     | openai_moderate(model text, input_text text, api_key text, api_key_name text, extra_headers jsonb, extra_query jsonb, extra_body jsonb, "verbose" boolean, client_config jsonb)
 f       | jill  | execute   | YES     | ai     | openai_moderate(model text, input_text text, api_key text, api_key_name text, extra_headers jsonb, extra_query jsonb, extra_body jsonb, "verbose" boolean, client_config jsonb)
 f       | alice | execute   | YES     | ai     | openai_moderate_with_raw_response(model text, input_text text, api_key text, api_key_name text, extra_headers jsonb, extra_query jsonb, extra_body jsonb, "verbose" boolean, client_config jsonb)
 f       | bob   | execute   | no      | ai     | openai_moderate_with_raw_response(model text, input_text text, api_key text, api_key_name text, extra_headers jsonb, extra_query jsonb, extra_body jsonb, "verbose" boolean, client_config jsonb)
 f       | fred  | execute   | no      | ai     | openai_moderate_with_raw_response(model text, input_text text, api_key text, api_key_name text, extra_headers jsonb, extra_query jsonb, extra_body jsonb, "verbose" boolean, client_config jsonb)
 f       | jill  | execute   | YES     | ai     | openai_moderate_with_raw_response(model text, input_text text, api_key text, api_key_name text, extra_headers jsonb, extra_query jsonb, extra_body jsonb, "verbose" boolean, client_config jsonb)
 f       | alice | execute   | YES     | ai     | openai_tokenize(model text, text_input text)
 f       | bob   | execute   | no      | ai     | openai_tokenize(model text, text_input text)
 f       | fred  | execute   | no      | ai     | openai_tokenize(model text, text_input text)
 f       | jill  | execute   | YES     | ai     | openai_tokenize(model text, text_input text)
 f       | alice | execute   | YES     | ai     | reveal_secret(secret_name text, use_cache boolean)
 f       | bob   | execute   | no      | ai     | reveal_secret(secret_name text, use_cache boolean)
 f       | fred  | execute   | no      | ai     | reveal_secret(secret_name text, use_cache boolean)
 f       | jill  | execute   | YES     | ai     | reveal_secret(secret_name text, use_cache boolean)
 f       | alice | execute   | YES     | ai     | revoke_secret(secret_name text, revoke_from_role text)
 f       | bob   | execute   | no      | ai     | revoke_secret(secret_name text, revoke_from_role text)
 f       | fred  | execute   | no      | ai     | revoke_secret(secret_name text, revoke_from_role text)
 f       | jill  | execute   | no      | ai     | revoke_secret(secret_name text, revoke_from_role text)
 f       | alice | execute   | YES     | ai     | voyageai_embed(model text, input_text text, input_type text, api_key text, api_key_name text, "verbose" boolean)
 f       | bob   | execute   | no      | ai     | voyageai_embed(model text, input_text text, input_type text, api_key text, api_key_name text, "verbose" boolean)
 f       | fred  | execute   | no      | ai     | voyageai_embed(model text, input_text text, input_type text, api_key text, api_key_name text, "verbose" boolean)
 f       | jill  | execute   | YES     | ai     | voyageai_embed(model text, input_text text, input_type text, api_key text, api_key_name text, "verbose" boolean)
 f       | alice | execute   | YES     | ai     | voyageai_embed(model text, input_texts text[], input_type text, api_key text, api_key_name text, "verbose" boolean)
 f       | bob   | execute   | no      | ai     | voyageai_embed(model text, input_texts text[], input_type text, api_key text, api_key_name text, "verbose" boolean)
 f       | fred  | execute   | no      | ai     | voyageai_embed(model text, input_texts text[], input_type text, api_key text, api_key_name text, "verbose" boolean)
 f       | jill  | execute   | YES     | ai     | voyageai_embed(model text, input_texts text[], input_type text, api_key text, api_key_name text, "verbose" boolean)
(180 rows)

