 schema | user  | privilege | granted 
--------+-------+-----------+---------
 ai     | alice | create    | YES
 ai     | bob   | create    | no
 ai     | fred  | create    | no
 ai     | jill  | create    | YES
 ai     | alice | usage     | YES
 ai     | bob   | usage     | no
 ai     | fred  | usage     | YES
 ai     | jill  | usage     | YES
 wiki   | alice | create    | YES
 wiki   | bob   | create    | no
 wiki   | fred  | create    | no
 wiki   | jill  | create    | no
 wiki   | alice | usage     | YES
 wiki   | bob   | usage     | no
 wiki   | fred  | usage     | YES
 wiki   | jill  | usage     | YES
(16 rows)

