 schema |        table        | user  | privilege | granted 
--------+---------------------+-------+-----------+---------
 ai     | _secret_permissions | alice | delete    | YES
 ai     | _secret_permissions | alice | insert    | YES
 ai     | _secret_permissions | alice | select    | YES
 ai     | _secret_permissions | alice | update    | YES
 ai     | _secret_permissions | bob   | delete    | no
 ai     | _secret_permissions | bob   | insert    | no
 ai     | _secret_permissions | bob   | select    | no
 ai     | _secret_permissions | bob   | update    | no
 ai     | _secret_permissions | fred  | delete    | no
 ai     | _secret_permissions | fred  | insert    | no
 ai     | _secret_permissions | fred  | select    | no
 ai     | _secret_permissions | fred  | update    | no
 ai     | _secret_permissions | jill  | delete    | no
 ai     | _secret_permissions | jill  | insert    | no
 ai     | _secret_permissions | jill  | select    | no
 ai     | _secret_permissions | jill  | update    | no
 ai     | feature_flag        | alice | delete    | YES
 ai     | feature_flag        | alice | insert    | YES
 ai     | feature_flag        | alice | select    | YES
 ai     | feature_flag        | alice | update    | YES
 ai     | feature_flag        | bob   | delete    | no
 ai     | feature_flag        | bob   | insert    | no
 ai     | feature_flag        | bob   | select    | no
 ai     | feature_flag        | bob   | update    | no
 ai     | feature_flag        | fred  | delete    | no
 ai     | feature_flag        | fred  | insert    | no
 ai     | feature_flag        | fred  | select    | no
 ai     | feature_flag        | fred  | update    | no
 ai     | feature_flag        | jill  | delete    | no
 ai     | feature_flag        | jill  | insert    | no
 ai     | feature_flag        | jill  | select    | no
 ai     | feature_flag        | jill  | update    | no
 ai     | migration           | alice | delete    | YES
 ai     | migration           | alice | insert    | YES
 ai     | migration           | alice | select    | YES
 ai     | migration           | alice | update    | YES
 ai     | migration           | bob   | delete    | no
 ai     | migration           | bob   | insert    | no
 ai     | migration           | bob   | select    | no
 ai     | migration           | bob   | update    | no
 ai     | migration           | fred  | delete    | no
 ai     | migration           | fred  | insert    | no
 ai     | migration           | fred  | select    | no
 ai     | migration           | fred  | update    | no
 ai     | migration           | jill  | delete    | no
 ai     | migration           | jill  | insert    | no
 ai     | migration           | jill  | select    | no
 ai     | migration           | jill  | update    | no
 wiki   | post                | alice | delete    | YES
 wiki   | post                | alice | insert    | YES
 wiki   | post                | alice | select    | YES
 wiki   | post                | alice | update    | YES
 wiki   | post                | bob   | delete    | no
 wiki   | post                | bob   | insert    | no
 wiki   | post                | bob   | select    | no
 wiki   | post                | bob   | update    | no
 wiki   | post                | fred  | delete    | no
 wiki   | post                | fred  | insert    | no
 wiki   | post                | fred  | select    | no
 wiki   | post                | fred  | update    | no
 wiki   | post                | jill  | delete    | no
 wiki   | post                | jill  | insert    | no
 wiki   | post                | jill  | select    | YES
 wiki   | post                | jill  | update    | no
(64 rows)

