interactions:
- request:
    body: null
    headers:
      Accept:
      - '*/*'
      Accept-Encoding:
      - identity
      Connection:
      - keep-alive
      X-Amzn-Trace-Id:
      - a0608a3a-e34a-45cd-a0ab-6b424c4f75eb
      user-agent:
      - unknown/None; hf_hub/0.27.1; python/3.10.15; torch/2.6.0
    method: HEAD
    uri: https://huggingface.co/voyageai/voyage-3-lite/resolve/main/tokenizer.json
  response:
    body:
      string: ''
    headers:
      Accept-Ranges:
      - bytes
      Access-Control-Allow-Origin:
      - https://huggingface.co
      Access-Control-Expose-Headers:
      - X-Repo-Commit,X-Request-Id,X-Error-Code,X-Error-Message,X-Total-Count,ETag,Link,Accept-Ranges,Content-Range,X-Linked-Size,X-Linked-ETag,X-Xet-Hash
      Connection:
      - keep-alive
      Content-Disposition:
      - inline; filename*=UTF-8''tokenizer.json; filename="tokenizer.json";
      Content-Length:
      - '7028228'
      Content-Security-Policy:
      - default-src 'none'; sandbox
      Content-Type:
      - text/plain; charset=utf-8
      Date:
      - Wed, 04 Jun 2025 15:25:14 GMT
      ETag:
      - '"0ef33aae2033834579c429c2f784c609b8851e23"'
      Referrer-Policy:
      - strict-origin-when-cross-origin
      Vary:
      - Origin
      Via:
      - 1.1 52adb21cdfe339fc4ef63aaafb7d8b80.cloudfront.net (CloudFront)
      X-Amz-Cf-Id:
      - sWhCcKvefzto3TpUErByjmGKnjXV19NThjW36JlVaSge6kOevPFi_Q==
      X-Amz-Cf-Pop:
      - ZRH55-P2
      X-Cache:
      - Miss from cloudfront
      X-Hub-Cache:
      - HIT
      X-Powered-By:
      - huggingface-moon
      X-Repo-Commit:
      - 0a7e3b82581fa95f989c39293ab2554f4d3deb07
      X-Request-Id:
      - Root=1-6840655a-37eab48d75a955056ee6c214;a0608a3a-e34a-45cd-a0ab-6b424c4f75eb
      cross-origin-opener-policy:
      - same-origin
    status:
      code: 200
      message: OK
- request:
    body: null
    headers:
      Accept:
      - '*/*'
      Accept-Encoding:
      - identity
      Connection:
      - keep-alive
      X-Amzn-Trace-Id:
      - ab6243ff-c594-4e2d-8c92-e5f8042e558c
      user-agent:
      - unknown/None; hf_hub/0.27.1; python/3.10.15; torch/2.6.0
    method: HEAD
    uri: https://huggingface.co/voyageai/voyage-3-lite/resolve/main/tokenizer.json
  response:
    body:
      string: ''
    headers:
      Accept-Ranges:
      - bytes
      Access-Control-Allow-Origin:
      - https://huggingface.co
      Access-Control-Expose-Headers:
      - X-Repo-Commit,X-Request-Id,X-Error-Code,X-Error-Message,X-Total-Count,ETag,Link,Accept-Ranges,Content-Range,X-Linked-Size,X-Linked-ETag,X-Xet-Hash
      Connection:
      - keep-alive
      Content-Disposition:
      - inline; filename*=UTF-8''tokenizer.json; filename="tokenizer.json";
      Content-Length:
      - '7028228'
      Content-Security-Policy:
      - default-src 'none'; sandbox
      Content-Type:
      - text/plain; charset=utf-8
      Date:
      - Wed, 04 Jun 2025 15:25:14 GMT
      ETag:
      - '"0ef33aae2033834579c429c2f784c609b8851e23"'
      Referrer-Policy:
      - strict-origin-when-cross-origin
      Vary:
      - Origin
      Via:
      - 1.1 762292f0c80546325d8a99c60a2e1b44.cloudfront.net (CloudFront)
      X-Amz-Cf-Id:
      - jYB848JGD4CiUxZEonvOWvNbmVK67LQ5YNv0OXQgyRw6A_s6epauyA==
      X-Amz-Cf-Pop:
      - ZRH55-P2
      X-Cache:
      - Miss from cloudfront
      X-Hub-Cache:
      - HIT
      X-Powered-By:
      - huggingface-moon
      X-Repo-Commit:
      - 0a7e3b82581fa95f989c39293ab2554f4d3deb07
      X-Request-Id:
      - Root=1-6840655a-0ed50b70152ec7ab18961232;ab6243ff-c594-4e2d-8c92-e5f8042e558c
      cross-origin-opener-policy:
      - same-origin
    status:
      code: 200
      message: OK
- request:
    body: '{"input": ["post_1", "post_2"], "model": "voyage-3-lite"}'
    headers:
      accept:
      - '*/*'
      accept-encoding:
      - gzip, deflate, br, zstd
      connection:
      - keep-alive
      content-length:
      - '57'
      host:
      - api.voyageai.com
      user-agent:
      - litellm/1.65.4.post1
    method: POST
    uri: https://api.voyageai.com/v1/embeddings
  response:
    body:
      string: '{"object":"list","data":[{"object":"embedding","embedding":[0.03319947,0.001144809,-0.010034969,-0.048637625,-0.004443962,-0.12449801,-0.042823024,0.073339343,-0.016277758,0.04185709,-0.005831372,-0.004865439,-0.019926837,-0.002718922,0.006135462,0.043681629,-0.036392417,-0.001413124,-0.066631474,0.040998481,0.034523156,0.019220274,-0.042715698,-0.007548586,0.04808199,0.015598026,0.021250522,0.002361169,0.055845227,-0.0193276,-0.012771779,-0.076666445,0.012069969,0.027663244,0.01291488,-0.091584742,0.028177513,0.079658151,-0.012109936,0.10696812,-0.007333935,-0.035591941,0.009301575,-0.092729554,-0.015061397,0.02962194,-0.028155155,-0.003210832,-0.131223768,-0.04654365,-0.017601443,0.011340767,-0.038494211,-0.022538433,0.050944012,-0.034129627,-0.024112547,-0.035775293,0.018173847,-0.067829952,0.057562441,0.033038482,-0.018048635,0.078991838,0.01846005,0.037385181,-0.017458342,0.020588679,0.019461757,0.03346331,0.015258162,0.014775195,0.011591194,0.05813485,0.061461952,-0.052321363,-0.027242882,0.05552325,-0.034845132,0.068903208,-0.056095656,0.039567471,-0.027940502,-0.003219776,0.051015563,-0.000308562,0.023915781,-0.015562251,0.029639827,-0.007888451,0.016742837,0.026706254,0.005384181,0.089724429,0.025758209,0.000286202,0.039782122,0.053806037,-0.06823913,0.080065101,0.015902117,0.031960748,0.038977176,-0.015669577,-0.043180775,0.065826535,-0.003526102,0.023969444,0.033557221,0.014497936,-0.015445982,-0.024899602,0.025185805,0.030194346,0.038914572,0.102746628,-0.02247359,0.091727845,-0.045792371,-0.039746348,-0.001448899,0.030981401,-0.028056771,0.101888023,0.032123413,-0.089795984,0.024327198,-0.008218255,0.039352819,0.073697098,-0.027618526,0.082140066,0.012485577,-0.008299868,-0.074412599,0.000930158,0.007638024,-0.072695389,-0.013737711,0.043216549,-0.026724141,-0.033020593,-0.02225223,0.054664645,0.006403777,-0.005080091,0.015329711,0.008174653,0.020821219,0.012664453,-0.037134752,0.030444771,0.060603343,0.079653688,0.075843617,-0.019390209,-0.070477322,-0.000026831,-0.023039287,0.014381667,-0.075557411,0.036347695,-0.049226798,-0.088150315,-0.053305183,-0.020391915,-0.020678118,-0.014524767,0.00987398,-0.008326699,0.018799916,0.005097979,0.009373127,-0.047116056,0.002611596,0.020606568,-0.02529313,-0.037689269,-0.066756696,-0.019425983,0.011680633,-0.001153753,-0.01792342,0.027949445,0.043672685,0.028638121,-0.007441261,-0.035274435,0.042357944,0.00774535,0.045506168,-0.040390305,-0.016957488,0.054485764,0.028414525,-0.004462967,-0.024667062,0.028405579,-0.074054852,0.011555418,-0.045649271,0.01109034,0.098739803,-0.026706254,0.012163599,0.095162272,0.08900892,-0.028763333,0.002826248,0.024577625,-0.023910472,-0.02286041,0.014453218,0.005044316,-0.019425983,0.042009134,0.056346081,-0.047187608,-0.068080373,0.005750878,-0.014954071,0.003971057,0.00030409,0.000527686,-0.017583555,-0.030248009,-0.021679826,-0.052017272,0.000858607,0.027332323,-0.120777383,0.00524108,-0.053090531,-0.031804234,0.020749668,-0.068116158,0.046007022,0.013737711,0.027484369,0.077990137,-0.027381513,0.038404774,0.018388499,-0.000017888,-0.03371821,-0.056960974,0.019354431,0.134658188,-0.059816282,-0.030329306,0.040139876,0.000751281,0.005080091,0.002862023,-0.018983264,0.082998671,-0.024184097,-0.015526476,0.047080282,-0.030355334,-0.08133512,0.05037161,-0.00694935,0.052088823,-0.046829857,-0.026044412,0.008769418,-0.019837398,0.028548682,0.021125309,0.074197948,0.009838205,0.005364058,-0.011734296,-0.113622315,-0.016483465,-0.050783023,0.045076866,-0.02955039,0.004185709,0.025937086,0.034058079,-0.013829945,-0.028298253,-0.098024294,-0.017431511,0.019765848,0.044173542,0.038522162,-0.054628868,-0.109186187,-0.036562346,-0.05552325,0.057526667,-0.037939694,0.000286202,0.008711283,-0.091441639,0.052822214,-0.030212233,0.061104193,0.000965933,-0.035650074,-0.061211519,0.031231828,0.002003416,0.027385985,0.025472006,-0.041105807,0.000751281,-0.03455893,0.026473716,-0.014909353,-0.006564766,0.017565668,-0.030113852,-0.017494118,-0.09301576,0.00980243,0.009659328,0.001717214,0.006493215,-0.049012147,-0.04138726,-0.078204788,0.009587778,-0.055380151,-0.061748151,0.00676153,-0.079134941,0.075700514,0.055093944,0.019009536,0.030474117,0.020356141,0.000965933,0.0550224,-0.006546878,0.031259775,-0.002459551,-0.12635833,0.057812873,0.063930444,-0.001493618,0.059959389,-0.030909851,-0.01162697,-0.004811776,-0.009064564,0.061587159,0.033056367,-0.013397846,0.020749668,-0.005706159,0.040497631,0.025472006,0.006171238,0.042536821,-0.089724429,0.000429303,0.054593094,-0.012127823,0.058850352,0.051927835,0.044611786,0.043305989,0.002647371,-0.043145001,-0.006689979,-0.062606759,0.04581026,-0.024872771,0.025078479,-0.103676789,-0.066613592,0.029335739,0.019891061,0.012002611,-0.042027023,0.017261578,0.025937086,-0.076344468,-0.001788764,0.049906529,0.020177264,-0.013719824,0.036848549,0.031052953,0.054521542,-0.039800011,-0.026737558,0.024667062,0.027904727,-0.00531263,0.036794886,0.005437844,-0.009820317,-0.007226609,-0.027797401,-0.107039668,0.054521542,0.042715698,-0.076702222,-0.092872649,-0.022824636,-0.005916338,0.044719111,0.003613305,0.107039668,0.046901405,-0.017672993,-0.016994381,0.037420951,0.005813485,-0.008711283,0.030408997,0.073750764,-0.043305989,-0.109901689,-0.049584553,-0.001717214,0.047294933,-0.002396944,-0.023822989,0.024184097,-0.027904727,0.018782027,-0.004185709,0.010795194,-0.061819702,-0.091870949,0.008997486,-0.044432912,-0.088427573,-0.012163599,-0.007441261,0.076630674,-0.009086924,-0.021259466,0.120204978,-0.010195957,-0.064001992,0.013666161,-0.001198472,-0.02590131,0.089867525,0.008764946,-0.086719304,0.00561672,-0.056757495,-0.064681724,-0.01359461,-0.034326393,0.025472006,0.023575917,0.024112547,0.0131027,0.074054852,0.073321462,0.021393623,-0.021554612,0.032197762,-0.005741934,0.004659732,-0.080995262,0.038708862,0.004677619,-0.027976276,-0.001001708,0.02133996,-0.040980596,0.01967082,-0.059816282,-0.000357753,-0.025472006,0.039467413,-0.014793082,-0.012664453,-0.022949848,-0.048296642,0.011430205,0.037215244,-0.038780417,-0.032841716,0.031509086,-0.069189414,-0.002218068,0.017977083,0.007333935,0.055237051,-0.034988236,-0.072194539,0.047559895,-0.011018789,0.044790663,-0.025150029,-0.002074967,0.012449801,0.00889016,-0.041070033,-0.004471912,0.025534615,0.006444863,0.024237759,-0.005366294,0.045175247,-0.024040995,-0.113336124,-0.073911749,-0.064127207,0.013022206,0.057168916],"index":0},{"object":"embedding","embedding":[0.019998945,0.004788073,0.038035728,0.006244953,-0.025182633,-0.062072191,-0.028441895,0.047506925,-0.014112462,-0.016565163,-0.013961527,-0.040903501,-0.01397096,-0.038865872,0.027092908,0.047299389,-0.064751297,0.046799414,-0.024503423,0.044148613,0.049223818,0.020791356,-0.089080207,0.035432093,0.002679104,0.05441222,-0.044827823,0.014716204,0.046223976,0.010150407,-0.021979973,-0.07124152,-0.025281683,0.011357891,0.003773385,-0.090108447,0.004150725,0.080479093,-0.014112462,0.126332954,0.005697812,-0.000198103,-0.003245112,-0.074939437,-0.023262922,-0.001037681,-0.060600571,-0.024866613,-0.102787025,-0.013470987,-0.044205211,0.036677308,0.000556574,0.001433887,0.041148771,-0.010140974,0.021008324,-0.027092908,0.009810803,-0.02837586,0.078637362,0.006829828,-0.021055492,0.066807792,0.02113096,0.019848008,-0.011320157,0.035167955,0.02475341,0.03346993,0.001626093,0.04724279,0.01968764,-0.023343107,0.035696231,-0.097655222,-0.01320685,0.022338443,-0.040469561,0.064147562,-0.071090586,0.009466481,-0.078260019,-0.030753091,0.044582553,-0.057468664,0.042790193,-0.021055492,0.022715783,-0.027809853,0.059921362,0.029375806,0.033941604,0.121050216,0.016433096,0.008641053,0.054789558,0.073807426,-0.04354487,0.112446889,0.009716468,0.054582022,0.039733753,0.025923159,-0.050940707,0.07622239,-0.068675622,0.061392982,0.038549852,-0.007339235,-0.009603267,-0.020980023,0.050450165,0.009056126,0.05599704,0.064855069,0.036337703,0.0313191,-0.06129865,-0.036922578,-0.071524523,0.015961422,-0.006471356,0.120144606,0.04433728,-0.099315509,-0.019244267,0.017961316,-0.058440309,0.031394571,-0.042450588,0.092372477,0.035960365,0.019508403,-0.078335486,0.006244953,-0.014338865,-0.045091961,0.00171689,0.007178866,-0.00381112,-0.048511587,-0.025979761,0.059845898,0.052181207,-0.013829459,0.001150883,0.00411299,0.022715783,-0.011225822,0.013716256,-0.041337438,0.003056442,0.052431192,0.058487479,-0.007096913,-0.042110983,-0.011433358,-0.001547088,0.05735546,-0.110635668,-0.04422408,-0.033837836,-0.049280416,-0.028545663,-0.035469826,0.008612753,-0.075958252,-0.039997891,0.013735124,0.038299866,-0.005018603,0.000287721,-0.003311146,-0.021696968,0.043469403,-0.025300551,0.005202555,-0.040243156,-0.003169644,0.040488426,-0.016074622,-0.002245164,0.033205796,0.012942713,0.084901176,-0.026998574,0.011131488,0.023810063,0.01892353,0.058940288,-0.040865768,-0.001943293,0.007773174,0.006792094,-0.046940915,-0.007622239,0.014218588,-0.078071348,0.039696015,-0.075920522,0.010150407,0.022629112,-0.031903978,0.043242998,0.059242152,0.062864602,-0.013433252,0.021942237,-0.003150777,-0.014263398,-0.03224358,0.027904186,-0.030017281,0.019168798,-0.000264137,0.03030972,0.0456957,-0.109126315,0.03913001,0.01968764,-0.035488691,-0.012565374,0.002759288,0.020357415,-0.006184225,0.041601576,-0.035545293,-0.021734701,0.007093965,-0.084096968,0.024979813,-0.040865768,-0.010310777,0.048695542,-0.095391192,0.059770428,0.041884579,0.071618862,0.048601206,-0.018149985,0.013546454,0.040337496,-0.014338865,-0.081656061,-0.030452549,0.039526213,0.17146264,-0.014867139,0.007141132,0.065279573,0.052402891,-0.018463649,-0.019980077,-0.002264031,0.027852302,-0.007282635,0.014452066,0.00432996,-0.004339393,-0.051773209,0.07395836,-0.007942976,0.060525108,-0.035361338,0.00049054,0.036375437,-0.014452066,0.022027139,-0.046865448,0.06073264,0.005660078,-0.002754572,-0.011471093,-0.048884213,-0.032168113,-0.03709238,0.026614161,0.000891462,-0.019678205,0.037148982,0.05222366,-0.010801316,-0.023083687,-0.107164152,-0.002754572,0.029960681,0.017697178,0.02837586,-0.026941974,-0.113503441,-0.000509407,-0.060374167,0.002226298,0.001094282,-0.037490945,-0.01860279,-0.034035936,0.013829459,-0.049620021,0.049808692,-0.018300921,-0.044035409,-0.071411319,-0.002999841,0.061506182,-0.00489361,-0.006867562,-0.019140499,-0.008848589,-0.048450273,0.004226192,-0.002188564,-0.008263715,-0.037488583,-0.012650276,-0.015621817,-0.065147504,0.041601576,-0.026564635,0.02352706,-0.046261705,-0.047091853,-0.011395624,-0.088070817,-0.017282106,-0.056147978,-0.076637462,-0.014527534,-0.067090802,0.049789824,0.014338865,0.04795973,0.0348708,-0.007810908,0.004490329,0.050487898,0.019508403,0.058110137,0.068524681,-0.137804046,0.012246995,0.083769158,0.009810803,0.086938806,-0.001320685,-0.02505528,-0.037205581,-0.037997991,0.05154445,0.008622186,-0.039280944,0.039507348,-0.025809959,0.018555624,0.056487583,0.0023961,-0.009471198,-0.091542341,0.002113096,0.04354487,0.062336333,0.019963568,0.04429955,0.055553671,0.048412535,-0.0144332,-0.082561679,0.032337915,-0.08442007,-0.030828562,0.004792199,0.031205898,-0.033149194,-0.056412116,0.05584611,-0.005018603,-0.026088245,-0.066487052,-0.028187191,-0.01860279,-0.050454885,-0.02007441,0.065883316,0.034168009,0.012150302,0.106409475,-0.000905613,0.056072511,-0.059685528,-0.033809535,0.005146544,0.033583131,0.021362079,-0.037243318,0.005056337,0.024960946,-0.027545715,-0.064524896,-0.03641317,0.031036096,0.087542541,-0.071316987,-0.041922316,-0.035469826,0.027470248,0.071996197,0.044054277,0.078939222,0.027621184,-0.010150407,-0.048865344,0.04784653,-0.000839578,0.005811014,0.020904558,0.005971383,0.000716943,-0.079492263,-0.023451593,0.007794399,0.024489272,-0.009131593,0.010282476,0.060204364,-0.02007441,0.055242367,-0.007320368,-0.02826266,-0.050261497,-0.036356568,0.010867351,-0.074033827,-0.092627183,0.029243739,0.017206639,0.062638201,0.060525108,0.00525444,0.041205373,-0.005735546,-0.077052534,-0.009584399,0.047695596,-0.063241944,0.089806579,0.006716626,-0.121050216,-0.009697601,-0.026842922,0.022413911,-0.020376282,0.025187349,0.022640314,0.00189141,0.037733857,0.009018391,0.056449849,0.062940076,-0.021395097,-0.02595146,0.024186222,-0.033380311,-0.035771694,-0.028772065,0.026734438,0.002169697,-0.009773069,-0.006792094,0.025621288,-0.061015647,0.026489167,0.016301027,-0.037054647,-0.070996255,0.005721396,-0.031470038,-0.005372358,-0.007773174,-0.028602263,0.055317834,0.021263028,-0.064147562,-0.040299758,0.010169274,-0.045582496,0.030873368,0.002169697,-0.020263081,0.102334216,-0.022489378,-0.061732586,0.005891198,-0.020527218,0.026828771,-0.007395836,0.021942237,-0.006112885,0.028489063,-0.059544027,-0.014112462,0.005395941,-0.021885635,0.015093542,-0.009060842,0.061128847,0.057506397,-0.087391615,-0.051167108,-0.052387565,-0.03709238,0.024527008],"index":1}],"model":"voyage-3-lite","usage":{"total_tokens":6}}'
    headers:
      Alt-Svc:
      - h3=":443"; ma=2592000,h3-29=":443"; ma=2592000
      Content-Length:
      - '12846'
      Via:
      - 1.1 google
      content-type:
      - application/json
      date:
      - Wed, 04 Jun 2025 15:25:14 GMT
      server:
      - uvicorn
      x-api-warning:
      - ''
    status:
      code: 200
      message: OK
- request:
    body: '{"input": ["post_3", "post_4"], "model": "voyage-3-lite"}'
    headers:
      accept:
      - '*/*'
      accept-encoding:
      - gzip, deflate, br, zstd
      connection:
      - keep-alive
      content-length:
      - '57'
      host:
      - api.voyageai.com
      user-agent:
      - litellm/1.65.4.post1
    method: POST
    uri: https://api.voyageai.com/v1/embeddings
  response:
    body:
      string: '{"object":"list","data":[{"object":"embedding","embedding":[0.004614186,0.005994809,0.041164353,-0.030192038,-0.012498268,-0.041055355,-0.004686851,0.017030707,-0.02317425,-0.027249131,-0.058349472,-0.00654071,-0.072809681,-0.053553626,-0.007811417,0.038584769,-0.072519019,0.036441173,-0.048358124,-0.009455448,0.006249134,-0.00486397,-0.044288922,0.004108942,0.005213667,0.074530914,0.003942041,0.017730102,0.049666081,-0.010717992,0.039838228,-0.074044973,0.036150511,0.044515997,0.013154518,-0.076297566,0.001675822,0.034987886,-0.01686267,0.084435977,0.00635813,-0.032857344,0.026268162,-0.094463654,-0.005004757,0.015477506,-0.009555361,0.02074567,-0.051373698,0.01889273,-0.041618507,0.011735292,-0.04229065,-0.017148785,0.032844286,0.018204689,-0.06339965,0.019748807,0.022961935,-0.011117646,0.030782433,-0.009373701,-0.005304498,0.015586503,0.032208472,0.015749998,0.037876293,0.019033518,-0.004868512,0.031118508,0.037131481,0.025977504,0.005776816,-0.007230103,0.026704149,-0.025941173,0.040401377,0.017802766,-0.044870235,0.050174735,-0.010663494,0.006485293,-0.052390996,0.011440094,0.098532856,-0.096207604,-0.018638406,-0.016676469,-0.045615043,-0.059057947,0.065543242,-0.039965391,-0.021672141,0.099332161,0.020872835,-0.00584948,-0.021054495,0.07891348,-0.063799299,0.082764693,0.027721448,0.011499133,-0.016839962,0.021908302,-0.044107258,0.074698947,-0.006975777,0.044434249,0.091048427,-0.031064009,-0.027560227,0.006394463,0.033589095,0.008647058,-0.008765137,0.087923862,0.013733562,0.105799295,-0.075207599,-0.061510369,-0.046968419,0.073318332,-0.019119807,0.043707605,0.010690743,-0.136318311,0.005159169,0.001017301,-0.033607263,0.02288927,-0.011989618,0.070230089,-0.040419545,0.019982696,-0.040819198,-0.038185116,0.059148781,-0.07782352,-0.014556712,0.044252589,-0.002979238,-0.051800597,-0.01999178,0.059185114,0.064453274,-0.009791521,-0.00856531,-0.022743942,0.01169896,-0.027249131,0.018329583,0.027308172,0.034697227,0.052933708,0.056569196,-0.008029411,-0.085380606,0.015404842,0.015641002,0.08156573,-0.06394463,-0.024887539,-0.03909342,-0.062028103,-0.012589099,-0.038076121,-0.017957177,-0.04592387,-0.04144593,-0.030446364,-0.053717121,-0.043562278,0.014859859,-0.020218855,0.030882349,-0.00334256,0.007284601,0.04628719,-0.062927328,-0.002979238,0.054498263,-0.027031139,0.013624566,0.020963665,0.027221883,0.074299298,-0.037867207,-0.000435986,-0.003415225,0.002579584,0.008138407,-0.026449824,0.002815744,0.059076115,0.039733775,-0.047304492,-0.025069201,0.049012102,-0.094027668,0.040365048,-0.050828714,0.01202595,0.036568332,-0.004577854,0.083055355,0.046795841,0.110595144,-0.048394457,0.071283728,0.030827852,-0.001117214,-0.031045845,0.003996539,0.011898787,0.014823527,-0.012098614,0.002615917,0.012552766,-0.077351205,0.083273344,-0.016149083,-0.023166303,-0.028502591,-0.008501729,0.060275078,-0.03891176,0.068304494,-0.044325251,-0.04229065,0.023761243,-0.088577844,0.015077852,-0.062128019,0.057776108,0.061546706,-0.05900345,0.032553628,0.023979235,0.082183376,0.081820063,-0.046868507,-0.015913492,0.033800274,0.000145329,-0.06209169,-0.022469178,0.005894895,0.14038752,-0.058858123,-0.005349913,0.068159156,-0.018547576,-0.007920414,-0.003814878,-0.023345126,0.00334256,-0.021363318,-0.010790656,0.002157223,0.008347318,-0.061038055,0.077678189,-0.056823518,0.109432511,-0.08654324,-0.019056225,0.021127159,-0.012934254,0.043889266,-0.040910032,0.032844286,0.022089962,-0.029211069,0.020636674,-0.044143591,-0.025214529,-0.046759509,0.074844286,-0.016494807,0.025668681,0.040585596,0.044198092,0.008644787,-0.025564227,-0.060275078,0.042944629,0.031543139,0.033144027,-0.027085636,-0.018783733,-0.115245663,-0.039674737,-0.033280272,0.027240049,-0.042785674,-0.029719718,-0.014387541,-0.046432517,-0.027249131,-0.073172994,0.011998701,-0.026849477,-0.052681655,-0.030192038,-0.032008644,0.017875429,0.018493077,-0.039493077,-0.094318323,-0.002061851,0.032898784,-0.047013834,-0.02354325,-0.026268162,-0.028956743,-0.000708477,-0.029223559,-0.095789775,0.057949822,-0.013025085,0.003124567,-0.006103805,-0.053190302,-0.007384514,-0.104636662,-0.010263839,-0.041355096,-0.056096882,0.012707178,-0.038802762,0.034188576,-0.013515569,0.02363408,0.073608987,0.059693765,-0.031463664,0.076588228,0.014314876,0.049221016,0.06488926,-0.120186828,0.00596756,0.109287187,-0.023325257,0.063145317,0.08312802,-0.007811417,0.001053633,-0.037894458,0.072446361,0.014678199,-0.032535464,0.072955005,-0.074916944,-0.018322201,0.055333901,-0.032026812,0.029846882,-0.085380606,0.008574393,0.054882023,0.049012102,0.008264435,-0.012643597,0.034224909,0.033134945,-0.033380184,-0.02070934,0.042762972,-0.042322442,-0.068595141,-0.008429064,0.042535894,0.007552551,-0.002325259,0.036368504,0.04497923,-0.008083909,-0.047413487,0.007738753,0.040782865,-0.018184252,0.002652249,0.041128024,0.026336284,0.010263839,0.15288578,0.034515563,0.021799305,-0.03416587,0.027657868,-0.011671712,0.079113305,-0.010100344,-0.048884939,-0.020491347,-0.018947229,-0.002604563,-0.027103802,-0.057186846,-0.003487889,0.11248441,-0.069031127,-0.002161765,-0.022017298,0.016231399,0.011299306,0.012498268,0.082401372,-0.010935985,0.008775355,-0.033425599,0.00083564,-0.016095154,-0.031263836,0.061655704,0.070666075,-0.044497833,-0.104200676,0.00241609,0.013479237,0.013297576,-0.032698955,-0.017839098,0.051737014,-0.015186848,0.029501725,0.005894895,0.014841694,-0.038557522,-0.031282004,0.039674737,-0.033952419,-0.09700691,0.030993614,-0.00137381,0.018493077,0.075716257,-0.007775086,0.094608985,0.028339095,-0.055170406,-0.016058821,0.003269896,-0.033007782,0.061564866,0.031772487,-0.066705875,-0.032844286,-0.019601207,-0.005767733,-0.016058821,-0.031845149,0.004450691,0.009083044,0.010027681,0.004414359,0.069903105,0.032485504,-0.041854665,0.008792386,0.047604233,0.025105532,0.006160574,-0.022707609,-0.01337024,0.036150511,0.011335638,0.012734427,-0.043398783,-0.04171842,0.040837362,0.052372828,-0.046650514,-0.043462362,0.083999991,-0.039992642,0.016231399,-0.017130621,-0.050065737,-0.000980969,0.021454148,-0.034442902,0.020246105,-0.019464962,-0.046396185,0.021908302,-0.039511241,0.027666951,0.076006904,-0.043307953,-0.01286159,0.011853372,0.029501725,0.02901124,-0.014714531,0.009773355,0.036304928,0.008078232,-0.039529406,-0.035605531,0.006103805,-0.053916946,0.032335635,0.010391003,0.042081743,0.07157439,-0.04180925,-0.038439441,-0.021508647,-0.059185114,0.007657006],"index":0},{"object":"embedding","embedding":[0.007787922,0.034935445,0.052586846,-0.052752152,-0.053597074,-0.065278955,-0.014914606,0.046213239,0.002057187,0.016136061,-0.066932052,-0.017926916,-0.038829409,-0.059364546,0.028286321,0.030637393,-0.073985264,0.061085369,-0.030931277,0.002755161,0.032841522,0.02894756,-0.044422384,0.033447657,0.008288444,0.051392943,-0.002498013,0.037653871,0.089781523,0.029737376,-0.025751574,-0.058886979,0.020020839,-0.012912522,0.006612387,-0.074058734,-0.014758482,0.105210431,-0.062027864,0.072956674,-0.028102646,0.016237084,0.058923718,-0.035863016,0.065324873,0.033649705,-0.06013599,0.009441019,-0.089928463,-0.031059854,-0.062964618,0.003338337,-0.026192401,-0.004371523,0.087430447,-0.033796646,0.016053407,-0.001260486,0.009826742,-0.01032267,0.071744397,-0.040904962,-0.014326839,0.00495929,0.026908742,0.059291072,0.053560335,0.038425315,-0.014767664,0.018992245,0.016457496,0.038645729,-0.017254198,-0.004931739,0.058960453,-0.050180674,-0.014767664,0.001414316,-0.017192207,0.042319279,-0.015417423,0.022665795,-0.068070851,-0.007836138,0.038811039,-0.043788698,0.017518234,-0.05003373,-0.032621108,-0.06013599,0.04165804,-0.00602462,0.067244306,0.116231069,0.003893961,0.015796257,0.031133322,0.059584957,-0.075987346,0.087797806,0.014455413,0.033319086,0.03783755,0.019396335,-0.02666996,0.06913618,-0.003820491,0.044339731,0.076529197,0.016824853,0.033172142,0.0233454,0.032566007,0.006391974,0.092573419,0.067758597,0.012049239,0.132247746,-0.040592711,-0.040689141,-0.04197029,0.015456455,-0.033833381,0.082728311,0.063331977,-0.086034507,-0.014841137,-0.000991858,-0.051815398,0.090957053,-0.067152463,0.051833767,0.013849277,-0.004408258,-0.023363767,-0.019635117,0.037286516,-0.071340308,0.003122516,0.025182175,0.007787922,-0.033502761,0.008870041,0.06898924,-0.000440826,0.022004556,-0.010028787,-0.036000773,0.053266454,-0.034935445,-0.040996801,0.067740232,0.014179897,0.059584957,0.075013861,0.021797918,-0.037800811,-0.014730929,-0.014877871,0.04198866,-0.069356591,0.033502761,-0.017669767,-0.031114956,-0.036515072,-0.025751574,0.00628636,-0.027680188,0.017706504,-0.057013471,0.007053213,0.001175535,-0.005987884,-0.018184064,-0.035743628,0.021380052,-0.038494196,0.012269652,-0.102271587,0.043157306,0.034439515,-0.055250168,-0.018551419,-0.006134826,0.051646072,0.039784528,-0.040555973,-0.019065715,0.04516628,0.000551032,0.066270813,-0.047021419,-0.04460606,0.04588262,0.019791242,-0.033759911,-0.011277794,0.02652302,-0.061605405,0.01295385,-0.059878837,0.035764292,0.0150891,-0.004224581,0.030159831,0.038021225,0.046874478,0.008210381,0.03511912,0.047131624,0.019947369,-0.009936948,-0.010359406,-0.002626587,0.013886013,-0.020379011,0.080671124,0.007751187,-0.089120284,0.028763885,-0.017045265,-0.026192401,-0.023242656,-0.06920965,-0.002867664,-0.059511483,0.046084665,-0.021967819,-0.04533159,0.04513241,-0.070284165,-0.011277794,-0.046103034,0.019212658,0.092279531,-0.05671959,0.0876325,0.015686052,0.063552387,0.028470002,-0.049335755,0.022665795,0.039104924,-0.030710863,-0.074132212,-0.046727534,0.002351071,0.108663559,-0.044964232,0.009514491,0.05400116,-0.013996219,-0.015392168,-0.027470106,0.003710284,0.054570559,-0.011700251,0.027817946,0.040629443,0.023492342,-0.063065641,0.095953085,-0.029480226,0.044964232,-0.010297416,-0.000587768,-0.014620723,-0.030885357,0.017887885,-0.041547831,0.036055878,0.022408646,-0.026082193,0.026320973,-0.071487255,-0.054588929,-0.016530968,0.0387192,-0.03034351,-0.002741385,0.005142968,0.015832994,0.01553911,-0.024025006,-0.100067459,0.006722594,0.055966511,0.021380052,-0.011424735,-0.024686245,-0.150468543,0.010079299,-0.020087421,0.014856059,-0.027459774,-0.017026898,0.033282347,-0.016237084,0.012894155,-0.074940391,0.003544974,-0.013472739,-0.032621108,-0.056278761,0.025274012,0.00528991,-0.006961375,-0.056315497,-0.017665176,-0.023988271,-0.029727615,-0.047168363,-0.016181979,0.016191166,0.004996025,0.01772487,0.019910634,-0.085758992,0.022261703,0.002268416,0.027487326,-0.022371911,-0.0568849,-0.053486865,-0.031316999,-0.013775807,-0.060356401,-0.086548798,-0.032042526,-0.041878451,0.083609961,0.050474554,0.075087324,0.056150187,0.026210768,-0.024245419,0.085814096,0.04228254,0.048307162,0.046066295,-0.140329555,0.030159831,0.097349033,0.051227633,0.07677716,0.003453135,0.024686245,-0.04628671,0.026330158,0.014547252,0.005069497,-0.034751769,0.071193367,0.018514683,0.010726762,0.05003373,0.006887903,-0.022463748,-0.106826782,-0.037029367,0.049978625,0.029241446,0.013886013,-0.020057574,0.044955049,0.022334887,-0.016572295,-0.085079379,0.000068879,-0.06180286,-0.091324419,-0.027312832,0.039306968,0.006188207,-0.0244842,0.012875787,0.026394445,-0.008981826,-0.072846465,0.021563729,0.006869535,-0.0481143,-0.009404284,0.036129348,0.027785802,0.019139187,0.117112719,-0.000381131,0.045845885,-0.013858462,-0.030559329,0.039747793,0.072277062,0.01741262,0.020264212,0.00154289,0.026261279,-0.007760371,-0.078907818,-0.012637006,0.024208685,0.052090917,-0.031445574,-0.065462634,-0.020103494,0.027808761,0.025769942,0.016696278,0.081038475,-0.007861394,-0.063919745,-0.0387192,0.065609574,0.032345593,-0.02310662,0.022335175,0.022224968,-0.039435543,-0.125635356,-0.002957206,-0.016310554,-0.016411578,-0.020718813,-0.020360641,0.010248052,-0.028984297,0.046837743,0.028212851,0.044633612,-0.01333498,-0.059364546,0.014198264,-0.059291072,-0.069176361,0.010726762,0.024171948,0.036836505,0.068842299,-0.025874408,0.049625047,-0.000073471,-0.071119897,-0.010166545,0.018367743,-0.060172722,0.064819761,0.048564307,-0.067262672,-0.019061124,-0.050841913,0.007218522,-0.011424735,-0.022647426,-0.006318503,0.020277986,-0.003600077,-0.00343936,0.081589505,0.036110979,0.004922555,-0.051576618,0.058703307,-0.049666375,-0.057233881,-0.0501072,0.021058615,0.055029757,-0.007714452,-0.031335369,0.020608606,-0.044045843,0.011902297,-0.014910015,-0.000808181,-0.078329235,0.024833187,-0.010451245,-0.033466026,-0.034678295,-0.043715224,0.040629443,0.092573419,-0.050841913,0.001212271,0.012411715,-0.014179897,0.031225162,0.009794598,-0.013371716,0.025420956,0.009992051,-0.045129541,0.006483813,-0.037764076,0.023914801,-0.02678935,0.012042925,0.015759522,0.025675807,-0.070532128,-0.032180283,0.021490257,-0.063625857,0.02700058,0.017118735,0.079936408,0.02664241,-0.03041698,-0.072442375,-0.009551225,-0.044121612,-0.036625277],"index":1}],"model":"voyage-3-lite","usage":{"total_tokens":6}}'
    headers:
      Alt-Svc:
      - h3=":443"; ma=2592000,h3-29=":443"; ma=2592000
      Content-Length:
      - '12851'
      Via:
      - 1.1 google
      content-type:
      - application/json
      date:
      - Wed, 04 Jun 2025 15:25:15 GMT
      server:
      - uvicorn
      x-api-warning:
      - ''
    status:
      code: 200
      message: OK
version: 1
